[debug] [2025-09-18T06:22:22.738Z] [Firebase Plugin] Activating Firebase extension.
[debug] [2025-09-18T06:23:11.693Z] [Firebase Plugin] requireAuthWrapper
[debug] [2025-09-18T06:23:11.696Z] > command requires scopes: ["email","openid","https://www.googleapis.com/auth/cloudplatformprojects.readonly","https://www.googleapis.com/auth/firebase","https://www.googleapis.com/auth/cloud-platform","https://www.googleapis.com/auth/userinfo.email"]
[debug] [2025-09-18T06:23:11.697Z] > authorizing via signed-in user (lumacx@gmail.com)
[debug] [2025-09-18T06:23:11.705Z] Checked if tokens are valid: false, expires at: 1758169150575
[debug] [2025-09-18T06:23:11.706Z] Checked if tokens are valid: false, expires at: 1758169150575
[debug] [2025-09-18T06:23:11.707Z] > refreshing access token with scopes: []
[debug] [2025-09-18T06:23:11.712Z] >>> [apiv2][query] POST https://www.googleapis.com/oauth2/v3/token [none]
[debug] [2025-09-18T06:23:11.712Z] >>> [apiv2][body] POST https://www.googleapis.com/oauth2/v3/token [omitted]
[debug] [2025-09-18T06:23:11.836Z] [Firebase Plugin] VSCode notification server listening on port 40001
[debug] [2025-09-18T06:23:31.110Z] <<< [apiv2][status] POST https://www.googleapis.com/oauth2/v3/token 200
[debug] [2025-09-18T06:23:31.114Z] <<< [apiv2][body] POST https://www.googleapis.com/oauth2/v3/token [omitted]
[debug] [2025-09-18T06:23:31.167Z] [Firebase Plugin] User found:  lumacx@gmail.com
[info] [Firebase Plugin] (Core:Project) New user detected, fetching projects
[debug] [2025-09-18T06:23:31.183Z] Checked if tokens are valid: true, expires at: 1758180210125
[debug] [2025-09-18T06:23:31.190Z] >>> [apiv2][query] GET https://firebase.googleapis.com/v1beta1/projects pageSize=1000
[debug] [2025-09-18T06:23:31.896Z] <<< [apiv2][status] GET https://firebase.googleapis.com/v1beta1/projects 200
[debug] [2025-09-18T06:23:31.900Z] <<< [apiv2][body] GET https://firebase.googleapis.com/v1beta1/projects [omitted]
[info] [Firebase Plugin] Starting Data Connect toolkit (version 2.13.0) on port 50001
[debug] [2025-09-18T06:23:37.820Z] I0918 06:23:37.527345     713 control.go:94] [/emulator/studio-v0 79d4] UpdateResources(): done
Schema: sources: schema/schema.gql [3721B] 
Connector "default": sources: connector/mutations.gql [3182B] connector/queries.gql [2742B] 
 {"metadata":{"emulator":{"name":"dataconnect"},"message":"I0918 06:23:37.527345     713 control.go:94] [/emulator/studio-v0 79d4] UpdateResources(): done\nSchema: sources: schema/schema.gql [3721B] \nConnector \"default\": sources: connector/mutations.gql [3182B] connector/queries.gql [2742B] \n"}}
[debug] [2025-09-18T06:23:37.825Z] Ignoring unsupported arg: auto_download {"metadata":{"emulator":{"name":"dataconnect"},"message":"Ignoring unsupported arg: auto_download"}}
[debug] [2025-09-18T06:23:37.826Z] Ignoring unsupported arg: port {"metadata":{"emulator":{"name":"dataconnect"},"message":"Ignoring unsupported arg: port"}}
[debug] [2025-09-18T06:23:37.827Z] Starting Data Connect Emulator with command {"binary":"/home/user/.cache/firebase/emulators/dataconnect-emulator-2.13.0","args":["--logtostderr","-v=2","dev","--listen=localhost:50001","--config_dir=/home/user/studio/dataconnect","--enable_output_schema_extensions=true","--enable_output_generated_sdk=true"],"optionalArgs":["listen","config_dir","enable_output_schema_extensions","enable_output_generated_sdk"],"joinArgs":true,"shell":false,"port":9399} {"metadata":{"emulator":{"name":"dataconnect"},"message":"Starting Data Connect Emulator with command {\"binary\":\"/home/user/.cache/firebase/emulators/dataconnect-emulator-2.13.0\",\"args\":[\"--logtostderr\",\"-v=2\",\"dev\",\"--listen=localhost:50001\",\"--config_dir=/home/user/studio/dataconnect\",\"--enable_output_schema_extensions=true\",\"--enable_output_generated_sdk=true\"],\"optionalArgs\":[\"listen\",\"config_dir\",\"enable_output_schema_extensions\",\"enable_output_generated_sdk\"],\"joinArgs\":true,\"shell\":false,\"port\":9399}"}}
[info] i  dataconnect: Data Connect Emulator logging to dataconnect-debug.log {"metadata":{"emulator":{"name":"dataconnect"},"message":"Data Connect Emulator logging to dataconnect-debug.log"}}
[debug] [2025-09-18T06:23:38.181Z] I0918 06:23:37.951034     728 load.go:31] Reloading schema and connectors...
 {"metadata":{"emulator":{"name":"dataconnect"},"message":"I0918 06:23:37.951034     728 load.go:31] Reloading schema and connectors...\n"}}
[debug] [2025-09-18T06:23:38.946Z] I0918 06:23:38.916446     728 control.go:94] [/emulator/studio-v0 b520] UpdateResources(): done
Schema: sources: schema/schema.gql [3721B] 
Connector "default": sources: connector/mutations.gql [3182B] connector/queries.gql [2742B] 
 {"metadata":{"emulator":{"name":"dataconnect"},"message":"I0918 06:23:38.916446     728 control.go:94] [/emulator/studio-v0 b520] UpdateResources(): done\nSchema: sources: schema/schema.gql [3721B] \nConnector \"default\": sources: connector/mutations.gql [3182B] connector/queries.gql [2742B] \n"}}
[debug] [2025-09-18T06:23:50.606Z] I0918 06:23:39.768172     728 codegen.go:82] [connector "default" javascriptSdk] Generating sources into "/home/user/studio/dataconnect-generated/js/default-connector"
I0918 06:23:39.995490     728 collector.go:107] schema extensions wrote into "/home/user/studio/dataconnect/.dataconnect/schema"
Generated sources: main/input.gql [116172B] main/relation.gql [50205B] main/query.gql [15655B] main/mutation.gql [41655B] prelude.gql [73251B] main/implicit.gql [3267B] 
I0918 06:23:40.005374     728 collector.go:107] connector "default" javascriptSdk wrote into "/home/user/studio/dataconnect-generated/js/default-connector"
Generated sources: index.d.ts [24807B] esm/package.json [17B] index.cjs.js [12004B] package.json [871B] react/index.d.ts [12119B] react/esm/package.json [17B] react/esm/index.esm.js [9027B] esm/index.esm.js [10374B] README.md [116341B] react/package.json [468B] react/index.cjs.js [9597B] react/README.md [119856B] 
I0918 06:23:40.024440     728 installsdk.go:55] Package @firebasegen/default-connector is already installed. Skipping installation
I0918 06:23:40.024498     728 load.go:109] Finished reloading
I0918 06:23:40.039701     728 dev.go:102] Listening on address (HTTP + gRPC): 127.0.0.1:50001
 {"metadata":{"emulator":{"name":"dataconnect"},"message":"I0918 06:23:39.768172     728 codegen.go:82] [connector \"default\" javascriptSdk] Generating sources into \"/home/user/studio/dataconnect-generated/js/default-connector\"\nI0918 06:23:39.995490     728 collector.go:107] schema extensions wrote into \"/home/user/studio/dataconnect/.dataconnect/schema\"\nGenerated sources: main/input.gql [116172B] main/relation.gql [50205B] main/query.gql [15655B] main/mutation.gql [41655B] prelude.gql [73251B] main/implicit.gql [3267B] \nI0918 06:23:40.005374     728 collector.go:107] connector \"default\" javascriptSdk wrote into \"/home/user/studio/dataconnect-generated/js/default-connector\"\nGenerated sources: index.d.ts [24807B] esm/package.json [17B] index.cjs.js [12004B] package.json [871B] react/index.d.ts [12119B] react/esm/package.json [17B] react/esm/index.esm.js [9027B] esm/index.esm.js [10374B] README.md [116341B] react/package.json [468B] react/index.cjs.js [9597B] react/README.md [119856B] \nI0918 06:23:40.024440     728 installsdk.go:55] Package @firebasegen/default-connector is already installed. Skipping installation\nI0918 06:23:40.024498     728 load.go:109] Finished reloading\nI0918 06:23:40.039701     728 dev.go:102] Listening on address (HTTP + gRPC): 127.0.0.1:50001\n"}}
